2026-06-04 17:09:38,811 - JarvisRuntime - WARNING - System tray dependencies not found: this platform is not supported: No module named 'six'
2026-06-04 17:09:38,812 - JarvisRuntime - INFO - === Jarvis AI Runtime Manager Starting ===
2026-06-04 17:09:38,812 - JarvisRuntime - WARNING - System tray not available - running without tray
2026-06-04 17:09:38,812 - JarvisRuntime - INFO - Press Ctrl+C to stop Jarvis Runtime Manager
2026-06-04 17:09:38,813 - JarvisRuntime - INFO - Starting FastAPI server...
2026-06-04 17:09:38,842 - JarvisRuntime - INFO - FastAPI server started with PID: 16116
2026-06-04 17:09:41,844 - JarvisRuntime - INFO - Health monitor started
2026-06-04 17:09:41,845 - JarvisRuntime - INFO - Watchdog started
2026-06-04 17:13:01,644 - JarvisRuntime - DEBUG - Health check failed: HTTPConnectionPool(host='localhost', port=5000): Read timed out. (read timeout=2)
2026-06-04 17:13:01,644 - JarvisRuntime - WARNING - Health check failed repeatedly - triggering recovery
2026-06-04 17:13:01,949 - JarvisRuntime - INFO - Watchdog triggering server restart
2026-06-04 17:13:01,949 - JarvisRuntime - INFO - Restarting FastAPI server...
2026-06-04 17:13:01,949 - JarvisRuntime - INFO - Stopping FastAPI server...
2026-06-04 17:13:01,963 - JarvisRuntime - INFO - FastAPI server stopped
2026-06-04 17:13:03,986 - JarvisRuntime - INFO - Starting FastAPI server...
2026-06-04 17:13:04,059 - JarvisRuntime - INFO - FastAPI server started with PID: 13064
2026-06-04 17:13:36,555 - JarvisRuntime - INFO - === Jarvis AI Runtime Manager Starting ===
2026-06-04 17:13:36,564 - JarvisRuntime - INFO - System tray started
2026-06-04 17:13:36,564 - JarvisRuntime - INFO - Starting FastAPI server...
2026-06-04 17:13:36,591 - JarvisRuntime - INFO - FastAPI server started with PID: 25396
2026-06-04 17:13:39,592 - JarvisRuntime - INFO - Health monitor started
2026-06-04 17:13:39,592 - JarvisRuntime - INFO - Watchdog started
2026-06-04 17:15:01,942 - JarvisRuntime - DEBUG - Health check failed: HTTPConnectionPool(host='localhost', port=5000): Read timed out. (read timeout=2)
2026-06-04 17:15:01,942 - JarvisRuntime - WARNING - Health check failed repeatedly - triggering recovery
2026-06-04 17:15:02,615 - JarvisRuntime - INFO - Watchdog triggering server restart
2026-06-04 17:15:02,615 - JarvisRuntime - INFO - Restarting FastAPI server...
2026-06-04 17:15:04,601 - JarvisRuntime - DEBUG - Health check failed: HTTPConnectionPool(host='localhost', port=5000): Read timed out. (read timeout=2)
2026-06-04 17:15:04,601 - JarvisRuntime - WARNING - Health check failed repeatedly - triggering recovery
2026-06-04 17:15:04,615 - JarvisRuntime - INFO - Starting FastAPI server...
2026-06-04 17:15:04,631 - JarvisRuntime - INFO - FastAPI server started with PID: 22884
2026-06-04 17:15:05,094 - JarvisRuntime - INFO - Watchdog triggering server restart
2026-06-04 17:15:05,094 - JarvisRuntime - INFO - Restarting FastAPI server...
2026-06-04 17:15:05,094 - JarvisRuntime - INFO - Stopping FastAPI server...
2026-06-04 17:15:05,098 - JarvisRuntime - DEBUG - Health check failed: ('Connection aborted.', ConnectionResetError(10054, 'An existing connection was forcibly closed by the remote host', None, 10054, None))
2026-06-04 17:15:05,098 - JarvisRuntime - WARNING - Health check failed repeatedly - triggering recovery
2026-06-04 17:15:05,104 - JarvisRuntime - INFO - FastAPI server stopped
2026-06-04 17:15:07,104 - JarvisRuntime - INFO - Starting FastAPI server...
2026-06-04 17:15:07,129 - JarvisRuntime - INFO - FastAPI server started with PID: 24052
2026-06-04 17:16:52,371 - JarvisRuntime - DEBUG - Health check failed: HTTPConnectionPool(host='localhost', port=5000): Read timed out. (read timeout=2)
2026-06-04 17:16:52,371 - JarvisRuntime - WARNING - Health check failed repeatedly - triggering recovery
2026-06-04 17:16:52,574 - JarvisRuntime - DEBUG - Health check failed: HTTPConnectionPool(host='localhost', port=5000): Read timed out. (read timeout=2)
2026-06-04 17:16:52,574 - JarvisRuntime - WARNING - Health check failed repeatedly - triggering recovery
2026-06-04 17:16:53,255 - JarvisRuntime - INFO - Watchdog triggering server restart
2026-06-04 17:16:53,270 - JarvisRuntime - INFO - Restarting FastAPI server...
2026-06-04 17:16:53,761 - JarvisRuntime - INFO - Watchdog triggering server restart
2026-06-04 17:16:53,761 - JarvisRuntime - INFO - Restarting FastAPI server...
2026-06-04 17:16:53,761 - JarvisRuntime - INFO - Stopping FastAPI server...
2026-06-04 17:16:53,768 - JarvisRuntime - INFO - FastAPI server stopped
2026-06-04 17:16:55,274 - JarvisRuntime - INFO - Starting FastAPI server...
2026-06-04 17:16:55,425 - JarvisRuntime - INFO - FastAPI server started with PID: 4488
2026-06-04 17:16:55,769 - JarvisRuntime - INFO - Starting FastAPI server...
2026-06-04 17:16:55,785 - JarvisRuntime - INFO - FastAPI server started with PID: 20388
2026-06-04 17:18:40,958 - JarvisRuntime - DEBUG - Health check failed: HTTPConnectionPool(host='localhost', port=5000): Read timed out. (read timeout=2)
2026-06-04 17:18:40,958 - JarvisRuntime - WARNING - Health check failed repeatedly - triggering recovery
2026-06-04 17:18:41,315 - JarvisRuntime - DEBUG - Health check failed: HTTPConnectionPool(host='localhost', port=5000): Read timed out. (read timeout=2)
2026-06-04 17:18:41,315 - JarvisRuntime - WARNING - Health check failed repeatedly - triggering recovery
2026-06-04 17:18:41,491 - JarvisRuntime - INFO - Watchdog triggering server restart
2026-06-04 17:18:41,491 - JarvisRuntime - INFO - Restarting FastAPI server...
2026-06-04 17:18:41,895 - JarvisRuntime - INFO - Watchdog triggering server restart
2026-06-04 17:18:41,895 - JarvisRuntime - INFO - Restarting FastAPI server...
2026-06-04 17:18:41,895 - JarvisRuntime - INFO - Stopping FastAPI server...
2026-06-04 17:18:41,901 - JarvisRuntime - INFO - FastAPI server stopped
2026-06-04 17:18:43,491 - JarvisRuntime - INFO - Starting FastAPI server...
2026-06-04 17:18:43,616 - JarvisRuntime - INFO - FastAPI server started with PID: 23800
2026-06-04 17:18:43,903 - JarvisRuntime - INFO - Starting FastAPI server...
2026-06-04 17:18:43,919 - JarvisRuntime - INFO - FastAPI server started with PID: 268
2026-06-04 17:20:29,212 - JarvisRuntime - DEBUG - Health check failed: HTTPConnectionPool(host='localhost', port=5000): Read timed out. (read timeout=2)
2026-06-04 17:20:29,212 - JarvisRuntime - WARNING - Health check failed repeatedly - triggering recovery
2026-06-04 17:20:29,354 - JarvisRuntime - DEBUG - Health check failed: HTTPConnectionPool(host='localhost', port=5000): Read timed out. (read timeout=2)
2026-06-04 17:20:29,354 - JarvisRuntime - WARNING - Health check failed repeatedly - triggering recovery
2026-06-04 17:20:29,685 - JarvisRuntime - INFO - Watchdog triggering server restart
2026-06-04 17:20:29,692 - JarvisRuntime - INFO - Restarting FastAPI server...
2026-06-04 17:20:30,017 - JarvisRuntime - INFO - Watchdog triggering server restart
2026-06-04 17:20:30,017 - JarvisRuntime - INFO - Restarting FastAPI server...
2026-06-04 17:20:30,017 - JarvisRuntime - INFO - Stopping FastAPI server...
2026-06-04 17:20:30,022 - JarvisRuntime - INFO - FastAPI server stopped
2026-06-04 17:20:31,693 - JarvisRuntime - INFO - Starting FastAPI server...
2026-06-04 17:20:31,901 - JarvisRuntime - INFO - FastAPI server started with PID: 8828
2026-06-04 17:20:32,024 - JarvisRuntime - INFO - Starting FastAPI server...
2026-06-04 17:20:32,039 - JarvisRuntime - INFO - FastAPI server started with PID: 18068
2026-06-04 17:22:17,089 - JarvisRuntime - DEBUG - Health check failed: HTTPConnectionPool(host='localhost', port=5000): Read timed out. (read timeout=2)
2026-06-04 17:22:17,089 - JarvisRuntime - WARNING - Health check failed repeatedly - triggering recovery
2026-06-04 17:22:17,228 - JarvisRuntime - DEBUG - Health check failed: HTTPConnectionPool(host='localhost', port=5000): Read timed out. (read timeout=2)
2026-06-04 17:22:17,228 - JarvisRuntime - WARNING - Health check failed repeatedly - triggering recovery
2026-06-04 17:22:17,929 - JarvisRuntime - INFO - Watchdog triggering server restart
2026-06-04 17:22:17,929 - JarvisRuntime - INFO - Restarting FastAPI server...
2026-06-04 17:22:18,095 - JarvisRuntime - INFO - Watchdog triggering server restart
2026-06-04 17:22:18,095 - JarvisRuntime - INFO - Restarting FastAPI server...
2026-06-04 17:22:18,095 - JarvisRuntime - INFO - Stopping FastAPI server...
2026-06-04 17:22:18,101 - JarvisRuntime - INFO - FastAPI server stopped
2026-06-04 17:22:19,929 - JarvisRuntime - INFO - Starting FastAPI server...
2026-06-04 17:22:20,088 - JarvisRuntime - INFO - FastAPI server started with PID: 8604
2026-06-04 17:22:20,102 - JarvisRuntime - INFO - Starting FastAPI server...
2026-06-04 17:22:20,116 - JarvisRuntime - INFO - FastAPI server started with PID: 22328
2026-06-04 17:24:05,481 - JarvisRuntime - DEBUG - Health check failed: HTTPConnectionPool(host='localhost', port=5000): Read timed out. (read timeout=2)
2026-06-04 17:24:05,481 - JarvisRuntime - WARNING - Health check failed repeatedly - triggering recovery
2026-06-04 17:24:05,622 - JarvisRuntime - DEBUG - Health check failed: HTTPConnectionPool(host='localhost', port=5000): Read timed out. (read timeout=2)
2026-06-04 17:24:05,622 - JarvisRuntime - WARNING - Health check failed repeatedly - triggering recovery
2026-06-04 17:24:06,116 - JarvisRuntime - INFO - Watchdog triggering server restart
2026-06-04 17:24:06,116 - JarvisRuntime - INFO - Restarting FastAPI server...
2026-06-04 17:24:06,178 - JarvisRuntime - INFO - Watchdog triggering server restart
2026-06-04 17:24:06,178 - JarvisRuntime - INFO - Restarting FastAPI server...
2026-06-04 17:24:06,179 - JarvisRuntime - INFO - Stopping FastAPI server...
2026-06-04 17:24:06,186 - JarvisRuntime - INFO - FastAPI server stopped
2026-06-04 17:24:08,117 - JarvisRuntime - INFO - Starting FastAPI server...
2026-06-04 17:24:08,187 - JarvisRuntime - INFO - Starting FastAPI server...
2026-06-04 17:24:08,198 - JarvisRuntime - INFO - FastAPI server started with PID: 11436
2026-06-04 17:24:08,206 - JarvisRuntime - INFO - FastAPI server started with PID: 10120
2026-06-04 17:25:53,357 - JarvisRuntime - DEBUG - Health check failed: HTTPConnectionPool(host='localhost', port=5000): Read timed out. (read timeout=2)
2026-06-04 17:25:53,357 - JarvisRuntime - WARNING - Health check failed repeatedly - triggering recovery
2026-06-04 17:25:53,466 - JarvisRuntime - DEBUG - Health check failed: HTTPConnectionPool(host='localhost', port=5000): Read timed out. (read timeout=2)
2026-06-04 17:25:53,466 - JarvisRuntime - WARNING - Health check failed repeatedly - triggering recovery
2026-06-04 17:25:54,240 - JarvisRuntime - INFO - Watchdog triggering server restart
2026-06-04 17:25:54,240 - JarvisRuntime - INFO - Restarting FastAPI server...
2026-06-04 17:25:54,240 - JarvisRuntime - INFO - Stopping FastAPI server...
2026-06-04 17:25:54,241 - JarvisRuntime - INFO - Watchdog triggering server restart
2026-06-04 17:25:54,241 - JarvisRuntime - INFO - Restarting FastAPI server...
2026-06-04 17:25:55,230 - JarvisRuntime - INFO - FastAPI server stopped
2026-06-04 17:25:56,241 - JarvisRuntime - INFO - Starting FastAPI server...
2026-06-04 17:25:56,376 - JarvisRuntime - INFO - FastAPI server started with PID: 12224
2026-06-04 17:25:57,231 - JarvisRuntime - INFO - Starting FastAPI server...
2026-06-04 17:25:57,247 - JarvisRuntime - INFO - FastAPI server started with PID: 22616
2026-06-04 17:27:42,185 - JarvisRuntime - DEBUG - Health check failed: HTTPConnectionPool(host='localhost', port=5000): Read timed out. (read timeout=2)
2026-06-04 17:27:42,185 - JarvisRuntime - WARNING - Health check failed repeatedly - triggering recovery
2026-06-04 17:27:42,232 - JarvisRuntime - DEBUG - Health check failed: HTTPConnectionPool(host='localhost', port=5000): Read timed out. (read timeout=2)
2026-06-04 17:27:42,232 - JarvisRuntime - WARNING - Health check failed repeatedly - triggering recovery
2026-06-04 17:27:42,313 - JarvisRuntime - INFO - Watchdog triggering server restart
2026-06-04 17:27:42,313 - JarvisRuntime - INFO - Restarting FastAPI server...
2026-06-04 17:27:42,405 - JarvisRuntime - INFO - Watchdog triggering server restart
2026-06-04 17:27:42,405 - JarvisRuntime - INFO - Restarting FastAPI server...
2026-06-04 17:27:42,405 - JarvisRuntime - INFO - Stopping FastAPI server...
2026-06-04 17:27:42,413 - JarvisRuntime - INFO - FastAPI server stopped
2026-06-04 17:27:44,314 - JarvisRuntime - INFO - Starting FastAPI server...
2026-06-04 17:27:44,327 - JarvisRuntime - INFO - FastAPI server started with PID: 20832
2026-06-04 17:27:44,414 - JarvisRuntime - INFO - Starting FastAPI server...
2026-06-04 17:27:44,442 - JarvisRuntime - INFO - FastAPI server started with PID: 7828
2026-06-04 17:29:45,020 - JarvisRuntime - DEBUG - Health check failed: HTTPConnectionPool(host='localhost', port=5000): Read timed out. (read timeout=2)
2026-06-04 17:29:45,020 - JarvisRuntime - WARNING - Health check failed repeatedly - triggering recovery
2026-06-04 17:29:45,362 - JarvisRuntime - INFO - Watchdog triggering server restart
2026-06-04 17:29:45,362 - JarvisRuntime - INFO - Restarting FastAPI server...
2026-06-04 17:29:45,362 - JarvisRuntime - INFO - Stopping FastAPI server...
2026-06-04 17:29:45,364 - JarvisRuntime - DEBUG - Health check failed: ('Connection aborted.', ConnectionResetError(10054, 'An existing connection was forcibly closed by the remote host', None, 10054, None))
2026-06-04 17:29:45,367 - JarvisRuntime - INFO - FastAPI server stopped
2026-06-04 17:29:47,368 - JarvisRuntime - INFO - Starting FastAPI server...
2026-06-04 17:29:47,384 - JarvisRuntime - INFO - FastAPI server started with PID: 24476
2026-06-04 17:31:32,791 - JarvisRuntime - DEBUG - Health check failed: HTTPConnectionPool(host='localhost', port=5000): Read timed out. (read timeout=2)
2026-06-04 17:31:32,791 - JarvisRuntime - WARNING - Health check failed repeatedly - triggering recovery
2026-06-04 17:31:32,915 - JarvisRuntime - DEBUG - Health check failed: HTTPConnectionPool(host='localhost', port=5000): Read timed out. (read timeout=2)
2026-06-04 17:31:32,915 - JarvisRuntime - WARNING - Health check failed repeatedly - triggering recovery
2026-06-04 17:31:33,469 - JarvisRuntime - INFO - Watchdog triggering server restart
2026-06-04 17:31:33,469 - JarvisRuntime - INFO - Restarting FastAPI server...
2026-06-04 17:31:33,469 - JarvisRuntime - INFO - Stopping FastAPI server...
2026-06-04 17:31:33,475 - JarvisRuntime - INFO - FastAPI server stopped
2026-06-04 17:31:33,634 - JarvisRuntime - INFO - Watchdog triggering server restart
2026-06-04 17:31:33,634 - JarvisRuntime - INFO - Restarting FastAPI server...
2026-06-04 17:31:35,476 - JarvisRuntime - INFO - Starting FastAPI server...
2026-06-04 17:31:35,490 - JarvisRuntime - INFO - FastAPI server started with PID: 20372
2026-06-04 17:31:35,635 - JarvisRuntime - INFO - Starting FastAPI server...
2026-06-04 17:31:35,665 - JarvisRuntime - INFO - FastAPI server started with PID: 20616
2026-06-04 17:33:20,772 - JarvisRuntime - DEBUG - Health check failed: HTTPConnectionPool(host='localhost', port=5000): Read timed out. (read timeout=2)
2026-06-04 17:33:20,772 - JarvisRuntime - WARNING - Health check failed repeatedly - triggering recovery
2026-06-04 17:33:21,222 - JarvisRuntime - DEBUG - Health check failed: HTTPConnectionPool(host='localhost', port=5000): Read timed out. (read timeout=2)
2026-06-04 17:33:21,222 - JarvisRuntime - WARNING - Health check failed repeatedly - triggering recovery
2026-06-04 17:33:21,529 - JarvisRuntime - INFO - Watchdog triggering server restart
2026-06-04 17:33:21,529 - JarvisRuntime - INFO - Restarting FastAPI server...
2026-06-04 17:33:21,529 - JarvisRuntime - INFO - Stopping FastAPI server...
2026-06-04 17:33:21,535 - JarvisRuntime - INFO - FastAPI server stopped
2026-06-04 17:33:21,693 - JarvisRuntime - INFO - Watchdog triggering server restart
2026-06-04 17:33:21,693 - JarvisRuntime - INFO - Restarting FastAPI server...
2026-06-04 17:33:23,536 - JarvisRuntime - INFO - Starting FastAPI server...
2026-06-04 17:33:23,552 - JarvisRuntime - INFO - FastAPI server started with PID: 1796
2026-06-04 17:33:23,694 - JarvisRuntime - INFO - Starting FastAPI server...
2026-06-04 17:33:23,764 - JarvisRuntime - INFO - FastAPI server started with PID: 18472
2026-06-04 17:35:03,649 - JarvisRuntime - DEBUG - Health check failed: HTTPConnectionPool(host='localhost', port=5000): Read timed out. (read timeout=2)
2026-06-04 17:35:03,649 - JarvisRuntime - WARNING - Health check failed repeatedly - triggering recovery
2026-06-04 17:35:03,665 - JarvisRuntime - DEBUG - Health check failed: HTTPConnectionPool(host='localhost', port=5000): Read timed out. (read timeout=2)
2026-06-04 17:35:03,665 - JarvisRuntime - WARNING - Health check failed repeatedly - triggering recovery
2026-06-04 17:35:03,803 - JarvisRuntime - INFO - Watchdog triggering server restart
2026-06-04 17:35:03,803 - JarvisRuntime - INFO - Restarting FastAPI server...
2026-06-04 17:35:04,585 - JarvisRuntime - INFO - Watchdog triggering server restart
2026-06-04 17:35:04,585 - JarvisRuntime - INFO - Restarting FastAPI server...
2026-06-04 17:35:04,585 - JarvisRuntime - INFO - Stopping FastAPI server...
2026-06-04 17:35:04,591 - JarvisRuntime - INFO - FastAPI server stopped
2026-06-04 17:35:05,803 - JarvisRuntime - INFO - Starting FastAPI server...
2026-06-04 17:35:05,852 - JarvisRuntime - INFO - FastAPI server started with PID: 22688
2026-06-04 17:35:06,591 - JarvisRuntime - INFO - Starting FastAPI server...
2026-06-04 17:35:06,606 - JarvisRuntime - INFO - FastAPI server started with PID: 7804
2026-06-04 17:35:36,815 - JarvisRuntime - DEBUG - Health check failed: HTTPConnectionPool(host='localhost', port=5000): Read timed out. (read timeout=2)
2026-06-04 17:35:36,815 - JarvisRuntime - WARNING - Health check failed repeatedly - triggering recovery
2026-06-04 17:35:36,831 - JarvisRuntime - DEBUG - Health check failed: HTTPConnectionPool(host='localhost', port=5000): Read timed out. (read timeout=2)
2026-06-04 17:35:36,831 - JarvisRuntime - WARNING - Health check failed repeatedly - triggering recovery
2026-06-04 17:35:36,884 - JarvisRuntime - INFO - Watchdog triggering server restart
2026-06-04 17:35:36,884 - JarvisRuntime - INFO - Restarting FastAPI server...
2026-06-04 17:35:36,884 - JarvisRuntime - INFO - Stopping FastAPI server...
2026-06-04 17:35:36,891 - JarvisRuntime - INFO - FastAPI server stopped
2026-06-04 17:35:37,630 - JarvisRuntime - INFO - Watchdog triggering server restart
2026-06-04 17:35:37,630 - JarvisRuntime - INFO - Restarting FastAPI server...
2026-06-04 17:35:38,892 - JarvisRuntime - INFO - Starting FastAPI server...
2026-06-04 17:35:39,091 - JarvisRuntime - INFO - FastAPI server started with PID: 22752
2026-06-04 17:35:39,631 - JarvisRuntime - INFO - Starting FastAPI server...
2026-06-04 17:35:39,664 - JarvisRuntime - INFO - FastAPI server started with PID: 10656
2026-06-04 17:36:58,099 - JarvisRuntime - DEBUG - Health check failed: HTTPConnectionPool(host='localhost', port=5000): Read timed out. (read timeout=2)
2026-06-04 17:36:58,099 - JarvisRuntime - WARNING - Health check failed repeatedly - triggering recovery
2026-06-04 17:36:58,114 - JarvisRuntime - DEBUG - Health check failed: HTTPConnectionPool(host='localhost', port=5000): Read timed out. (read timeout=2)
2026-06-04 17:36:58,114 - JarvisRuntime - WARNING - Health check failed repeatedly - triggering recovery
2026-06-04 17:36:58,116 - JarvisRuntime - INFO - Watchdog triggering server restart
2026-06-04 17:36:58,116 - JarvisRuntime - INFO - Restarting FastAPI server...
2026-06-04 17:36:58,116 - JarvisRuntime - INFO - Stopping FastAPI server...
2026-06-04 17:36:58,123 - JarvisRuntime - INFO - FastAPI server stopped
2026-06-04 17:36:58,684 - JarvisRuntime - INFO - Watchdog triggering server restart
2026-06-04 17:36:58,684 - JarvisRuntime - INFO - Restarting FastAPI server...
2026-06-04 17:37:00,124 - JarvisRuntime - INFO - Starting FastAPI server...
2026-06-04 17:37:00,685 - JarvisRuntime - INFO - Starting FastAPI server...
2026-06-04 17:37:00,700 - JarvisRuntime - INFO - FastAPI server started with PID: 13852
2026-06-04 17:37:02,636 - JarvisRuntime - INFO - FastAPI server started with PID: 25852
2026-06-04 17:38:46,029 - JarvisRuntime - DEBUG - Health check failed: HTTPConnectionPool(host='localhost', port=5000): Read timed out. (read timeout=2)
2026-06-04 17:38:46,029 - JarvisRuntime - WARNING - Health check failed repeatedly - triggering recovery
2026-06-04 17:38:46,729 - JarvisRuntime - INFO - Watchdog triggering server restart
2026-06-04 17:38:46,729 - JarvisRuntime - INFO - Restarting FastAPI server...
2026-06-04 17:38:46,729 - JarvisRuntime - INFO - Stopping FastAPI server...
2026-06-04 17:38:46,736 - JarvisRuntime - INFO - FastAPI server stopped
2026-06-04 17:38:48,736 - JarvisRuntime - INFO - Starting FastAPI server...
2026-06-04 17:38:48,755 - JarvisRuntime - INFO - FastAPI server started with PID: 23960
2026-06-04 17:38:49,014 - JarvisRuntime - DEBUG - Health check failed: HTTPConnectionPool(host='localhost', port=5000): Max retries exceeded with url: /health (Caused by ConnectTimeoutError(<urllib3.connection.HTTPConnection object at 0x000001733E822FF0>, 'Connection to localhost timed out. (connect timeout=2)'))
2026-06-04 17:38:49,014 - JarvisRuntime - WARNING - Health check failed repeatedly - triggering recovery
2026-06-04 17:38:49,663 - JarvisRuntime - INFO - Watchdog triggering server restart
2026-06-04 17:38:49,663 - JarvisRuntime - INFO - Restarting FastAPI server...
2026-06-04 17:38:51,664 - JarvisRuntime - INFO - Starting FastAPI server...
2026-06-04 17:38:51,689 - JarvisRuntime - INFO - FastAPI server started with PID: 22908
2026-06-04 17:40:34,398 - JarvisRuntime - DEBUG - Health check failed: HTTPConnectionPool(host='localhost', port=5000): Read timed out. (read timeout=2)
2026-06-04 17:40:34,398 - JarvisRuntime - WARNING - Health check failed repeatedly - triggering recovery
2026-06-04 17:40:34,786 - JarvisRuntime - INFO - Watchdog triggering server restart
2026-06-04 17:40:34,786 - JarvisRuntime - INFO - Restarting FastAPI server...
2026-06-04 17:40:34,786 - JarvisRuntime - INFO - Stopping FastAPI server...
2026-06-04 17:40:34,788 - JarvisRuntime - DEBUG - Health check failed: ('Connection aborted.', ConnectionResetError(10054, 'An existing connection was forcibly closed by the remote host', None, 10054, None))
2026-06-04 17:40:34,791 - JarvisRuntime - INFO - FastAPI server stopped
2026-06-04 17:40:36,792 - JarvisRuntime - INFO - Starting FastAPI server...
2026-06-04 17:40:36,805 - JarvisRuntime - INFO - FastAPI server started with PID: 7032
2026-06-04 17:42:19,250 - JarvisRuntime - DEBUG - Health check failed: HTTPConnectionPool(host='localhost', port=5000): Read timed out. (read timeout=2)
2026-06-04 17:42:19,250 - JarvisRuntime - WARNING - Health check failed repeatedly - triggering recovery
2026-06-04 17:42:19,929 - JarvisRuntime - INFO - Watchdog triggering server restart
2026-06-04 17:42:19,929 - JarvisRuntime - INFO - Restarting FastAPI server...
2026-06-04 17:42:19,930 - JarvisRuntime - INFO - Stopping FastAPI server...
2026-06-04 17:42:19,937 - JarvisRuntime - INFO - FastAPI server stopped
2026-06-04 17:42:21,938 - JarvisRuntime - INFO - Starting FastAPI server...
2026-06-04 17:42:21,955 - JarvisRuntime - INFO - FastAPI server started with PID: 7680
2026-06-04 17:42:22,194 - JarvisRuntime - DEBUG - Health check failed: HTTPConnectionPool(host='localhost', port=5000): Max retries exceeded with url: /health (Caused by ConnectTimeoutError(<urllib3.connection.HTTPConnection object at 0x000001733E822720>, 'Connection to localhost timed out. (connect timeout=2)'))
2026-06-04 17:42:22,194 - JarvisRuntime - WARNING - Health check failed repeatedly - triggering recovery
2026-06-04 17:42:22,781 - JarvisRuntime - INFO - Watchdog triggering server restart
2026-06-04 17:42:22,781 - JarvisRuntime - INFO - Restarting FastAPI server...
2026-06-04 17:42:24,782 - JarvisRuntime - INFO - Starting FastAPI server...
2026-06-04 17:42:24,808 - JarvisRuntime - INFO - FastAPI server started with PID: 19004
2026-06-04 17:44:07,092 - JarvisRuntime - DEBUG - Health check failed: HTTPConnectionPool(host='localhost', port=5000): Read timed out. (read timeout=2)
2026-06-04 17:44:07,092 - JarvisRuntime - WARNING - Health check failed repeatedly - triggering recovery
2026-06-04 17:44:08,002 - JarvisRuntime - INFO - Watchdog triggering server restart
2026-06-04 17:44:08,002 - JarvisRuntime - INFO - Restarting FastAPI server...
2026-06-04 17:44:08,002 - JarvisRuntime - INFO - Stopping FastAPI server...
2026-06-04 17:44:08,004 - JarvisRuntime - DEBUG - Health check failed: ('Connection aborted.', ConnectionResetError(10054, 'An existing connection was forcibly closed by the remote host', None, 10054, None))
2026-06-04 17:44:08,009 - JarvisRuntime - INFO - FastAPI server stopped
2026-06-04 17:44:10,009 - JarvisRuntime - INFO - Starting FastAPI server...
2026-06-04 17:44:10,024 - JarvisRuntime - INFO - FastAPI server started with PID: 11608
2026-06-04 17:45:55,389 - JarvisRuntime - DEBUG - Health check failed: HTTPConnectionPool(host='localhost', port=5000): Read timed out. (read timeout=2)
2026-06-04 17:45:55,389 - JarvisRuntime - WARNING - Health check failed repeatedly - triggering recovery
2026-06-04 17:45:55,545 - JarvisRuntime - DEBUG - Health check failed: HTTPConnectionPool(host='localhost', port=5000): Read timed out. (read timeout=2)
2026-06-04 17:45:55,545 - JarvisRuntime - WARNING - Health check failed repeatedly - triggering recovery
2026-06-04 17:45:55,938 - JarvisRuntime - INFO - Watchdog triggering server restart
2026-06-04 17:45:55,938 - JarvisRuntime - INFO - Restarting FastAPI server...
2026-06-04 17:45:56,079 - JarvisRuntime - INFO - Watchdog triggering server restart
2026-06-04 17:45:56,079 - JarvisRuntime - INFO - Restarting FastAPI server...
2026-06-04 17:45:56,079 - JarvisRuntime - INFO - Stopping FastAPI server...
2026-06-04 17:45:56,085 - JarvisRuntime - INFO - FastAPI server stopped
2026-06-04 17:45:57,939 - JarvisRuntime - INFO - Starting FastAPI server...
2026-06-04 17:45:57,965 - JarvisRuntime - INFO - FastAPI server started with PID: 18648
2026-06-04 17:45:58,086 - JarvisRuntime - INFO - Starting FastAPI server...
2026-06-04 17:45:58,101 - JarvisRuntime - INFO - FastAPI server started with PID: 25492
2026-06-04 17:47:37,468 - JarvisRuntime - DEBUG - Health check failed: HTTPConnectionPool(host='localhost', port=5000): Read timed out. (read timeout=2)
2026-06-04 17:47:37,468 - JarvisRuntime - WARNING - Health check failed repeatedly - triggering recovery
2026-06-04 17:47:38,178 - JarvisRuntime - INFO - Watchdog triggering server restart
2026-06-04 17:47:38,178 - JarvisRuntime - INFO - Restarting FastAPI server...
2026-06-04 17:47:38,178 - JarvisRuntime - INFO - Stopping FastAPI server...
2026-06-04 17:47:38,184 - JarvisRuntime - INFO - FastAPI server stopped
2026-06-04 17:47:40,186 - JarvisRuntime - INFO - Starting FastAPI server...
2026-06-04 17:47:40,203 - JarvisRuntime - INFO - FastAPI server started with PID: 22764
2026-06-04 17:47:40,308 - JarvisRuntime - DEBUG - Health check failed: HTTPConnectionPool(host='localhost', port=5000): Max retries exceeded with url: /health (Caused by ConnectTimeoutError(<urllib3.connection.HTTPConnection object at 0x000001733E822270>, 'Connection to localhost timed out. (connect timeout=2)'))
2026-06-04 17:47:40,308 - JarvisRuntime - WARNING - Health check failed repeatedly - triggering recovery
2026-06-04 17:47:41,040 - JarvisRuntime - INFO - Watchdog triggering server restart
2026-06-04 17:47:41,040 - JarvisRuntime - INFO - Restarting FastAPI server...
2026-06-04 17:47:43,041 - JarvisRuntime - INFO - Starting FastAPI server...
2026-06-04 17:47:43,074 - JarvisRuntime - INFO - FastAPI server started with PID: 23196
2026-06-04 17:49:59,058 - JarvisRuntime - DEBUG - Health check failed: HTTPConnectionPool(host='localhost', port=5000): Read timed out. (read timeout=2)
2026-06-04 17:49:59,058 - JarvisRuntime - WARNING - Health check failed repeatedly - triggering recovery
2026-06-04 17:49:59,320 - JarvisRuntime - INFO - Watchdog triggering server restart
2026-06-04 17:49:59,320 - JarvisRuntime - INFO - Restarting FastAPI server...
2026-06-04 17:49:59,320 - JarvisRuntime - INFO - Stopping FastAPI server...
2026-06-04 17:49:59,325 - JarvisRuntime - INFO - FastAPI server stopped
2026-06-04 17:50:01,326 - JarvisRuntime - INFO - Starting FastAPI server...
2026-06-04 17:50:01,342 - JarvisRuntime - INFO - FastAPI server started with PID: 23660
2026-06-04 17:51:43,872 - JarvisRuntime - INFO - Received shutdown signal (KeyboardInterrupt)
2026-06-04 17:51:43,872 - JarvisRuntime - INFO - Shutting down...
2026-06-04 17:51:43,872 - JarvisRuntime - INFO - Stopping FastAPI server...
2026-06-04 17:51:43,877 - JarvisRuntime - INFO - FastAPI server stopped
2026-06-04 17:51:43,877 - JarvisRuntime - INFO - === Jarvis AI Runtime Manager Exited ===
2026-06-04 18:24:24,050 - JarvisRuntime - INFO - === Jarvis AI Runtime Manager Starting ===
2026-06-04 18:24:24,051 - JarvisRuntime - INFO - System tray started
2026-06-04 18:24:24,051 - JarvisRuntime - INFO - Starting FastAPI server...
2026-06-04 18:24:24,074 - JarvisRuntime - INFO - FastAPI server started with PID: 25596
2026-06-04 18:24:27,074 - JarvisRuntime - INFO - Health monitor started
2026-06-04 18:24:27,074 - JarvisRuntime - INFO - Watchdog started
2026-06-04 18:25:47,626 - JarvisRuntime - INFO - === Jarvis AI Runtime Manager Starting ===
2026-06-04 18:25:47,628 - JarvisRuntime - INFO - System tray started
2026-06-04 18:25:47,628 - JarvisRuntime - INFO - Starting FastAPI server...
2026-06-04 18:25:47,653 - JarvisRuntime - INFO - FastAPI server started with PID: 26028
2026-06-04 18:25:50,654 - JarvisRuntime - INFO - Health monitor started
2026-06-04 18:25:50,654 - JarvisRuntime - INFO - Watchdog started
2026-06-04 18:25:53,378 - JarvisRuntime - INFO - Received shutdown signal (KeyboardInterrupt)
2026-06-04 18:25:53,378 - JarvisRuntime - INFO - Shutting down...
2026-06-04 18:25:53,379 - JarvisRuntime - INFO - Stopping FastAPI server...
2026-06-04 18:25:53,383 - JarvisRuntime - INFO - FastAPI server stopped
2026-06-04 18:25:53,383 - JarvisRuntime - INFO - === Jarvis AI Runtime Manager Exited ===
